// Jest Snapshot v1, https://goo.gl/fbAQLP

exports[`isolated modules generate-package-list generates package list on android 1`] = `
"package com.test;

import java.util.Arrays;
import java.util.List;
import expo.modules.core.interfaces.Package;
import expo.modules.kotlin.modules.Module;
import expo.modules.kotlin.ModulesProvider;

public class ExpoModulesPackageList implements ModulesProvider {
  private static class LazyHolder {
    static final List<Package> packagesList = Arrays.<Package>asList(

    );

    static final List<Class<? extends Module>> modulesList = Arrays.<Class<? extends Module>>asList(
            expo.modules.constants.ConstantsModule.class,
      expo.modules.filesystem.FileSystemModule.class,
      expo.modules.splashscreen.SplashScreenModule.class,
      expo.modules.systemui.SystemUIModule.class,
      expo.modules.webbrowser.WebBrowserModule.class
    );
  }

  public static List<Package> getPackageList() {
    return LazyHolder.packagesList;
  }

  @Override
  public List<Class<? extends Module>> getModulesList() {
    return LazyHolder.modulesList;
  }
}
"
`;

exports[`isolated modules generate-package-list generates package list on ios 1`] = `
"/**
 * Automatically generated by expo-modules-autolinking.
 *
 * This autogenerated class provides a list of classes of native Expo modules,
 * but only these that are written in Swift and use the new API for creating Expo modules.
 */

import ExpoModulesCore
import EXConstants
import ExpoHead
import ExpoKeepAwake
import ExpoSystemUI
import ExpoWebBrowser

@objc(file)
public class file: ModulesProvider {
  public override func getModuleClasses() -> [AnyModule.Type] {
    return [
      ConstantsModule.self,
      ExpoHeadModule.self,
      KeepAwakeModule.self,
      ExpoSystemUIModule.self,
      WebBrowserModule.self
    ]
  }

  public override func getAppDelegateSubscribers() -> [ExpoAppDelegateSubscriber.Type] {
    return [
      ExpoHeadAppDelegateSubscriber.self
    ]
  }

  public override func getReactDelegateHandlers() -> [ExpoReactDelegateHandlerTupleType] {
    return [
    ]
  }
}
"
`;

exports[`isolated modules resolve resolves isolated modules on android 1`] = `
[
  {
    "modules": [],
    "packageName": "expo",
    "packageVersion": "49.0.7",
    "pods": undefined,
    "projects": [
      {
        "name": "expo",
        "sourceDir": "/private/var/folders/qw/kq2qkfj10rs4zfbnt69l3fwr0000gn/T/273dc1f0ea454a67beb1f249a684933d/isolated-modules/node_modules/.pnpm/registry.npmjs.org+expo@49.0.7_@babel+core@7.20.2/node_modules/expo/android",
      },
    ],
  },
  {
    "modules": [],
    "packageName": "expo-application",
    "packageVersion": "5.3.0",
    "pods": undefined,
    "projects": [
      {
        "name": "expo-application",
        "sourceDir": "/private/var/folders/qw/kq2qkfj10rs4zfbnt69l3fwr0000gn/T/273dc1f0ea454a67beb1f249a684933d/isolated-modules/node_modules/.pnpm/registry.npmjs.org+expo-application@5.3.0_expo@49.0.7/node_modules/expo-application/android",
      },
    ],
  },
  {
    "modules": [
      "expo.modules.constants.ConstantsModule",
    ],
    "packageName": "expo-constants",
    "packageVersion": "14.4.2",
    "pods": undefined,
    "projects": [
      {
        "name": "expo-constants",
        "sourceDir": "/private/var/folders/qw/kq2qkfj10rs4zfbnt69l3fwr0000gn/T/273dc1f0ea454a67beb1f249a684933d/isolated-modules/node_modules/.pnpm/registry.npmjs.org+expo-constants@14.4.2_expo@49.0.7/node_modules/expo-constants/android",
      },
    ],
  },
  {
    "modules": [
      "expo.modules.filesystem.FileSystemModule",
    ],
    "packageName": "expo-file-system",
    "packageVersion": "15.4.3",
    "pods": undefined,
    "projects": [
      {
        "name": "expo-file-system",
        "sourceDir": "/private/var/folders/qw/kq2qkfj10rs4zfbnt69l3fwr0000gn/T/273dc1f0ea454a67beb1f249a684933d/isolated-modules/node_modules/.pnpm/registry.npmjs.org+expo-file-system@15.4.3_expo@49.0.7/node_modules/expo-file-system/android",
      },
    ],
  },
  {
    "modules": [],
    "packageName": "expo-font",
    "packageVersion": "11.4.0",
    "pods": undefined,
    "projects": [
      {
        "name": "expo-font",
        "sourceDir": "/private/var/folders/qw/kq2qkfj10rs4zfbnt69l3fwr0000gn/T/273dc1f0ea454a67beb1f249a684933d/isolated-modules/node_modules/.pnpm/registry.npmjs.org+expo-font@11.4.0_expo@49.0.7/node_modules/expo-font/android",
      },
    ],
  },
  {
    "modules": [],
    "packageName": "expo-keep-awake",
    "packageVersion": "12.3.0",
    "pods": undefined,
    "projects": [
      {
        "name": "expo-keep-awake",
        "sourceDir": "/private/var/folders/qw/kq2qkfj10rs4zfbnt69l3fwr0000gn/T/273dc1f0ea454a67beb1f249a684933d/isolated-modules/node_modules/.pnpm/registry.npmjs.org+expo-keep-awake@12.3.0_expo@49.0.7/node_modules/expo-keep-awake/android",
      },
    ],
  },
  {
    "modules": [],
    "packageName": "expo-modules-core",
    "packageVersion": "1.5.9",
    "pods": undefined,
    "projects": [
      {
        "name": "expo-modules-core",
        "sourceDir": "/private/var/folders/qw/kq2qkfj10rs4zfbnt69l3fwr0000gn/T/273dc1f0ea454a67beb1f249a684933d/isolated-modules/node_modules/.pnpm/registry.npmjs.org+expo-modules-core@1.5.9/node_modules/expo-modules-core/android",
      },
      {
        "name": "expo-modules-core$android-annotation",
        "sourceDir": "/private/var/folders/qw/kq2qkfj10rs4zfbnt69l3fwr0000gn/T/273dc1f0ea454a67beb1f249a684933d/isolated-modules/node_modules/.pnpm/registry.npmjs.org+expo-modules-core@1.5.9/node_modules/expo-modules-core/android-annotation",
      },
      {
        "name": "expo-modules-core$android-annotation-processor",
        "sourceDir": "/private/var/folders/qw/kq2qkfj10rs4zfbnt69l3fwr0000gn/T/273dc1f0ea454a67beb1f249a684933d/isolated-modules/node_modules/.pnpm/registry.npmjs.org+expo-modules-core@1.5.9/node_modules/expo-modules-core/android-annotation-processor",
      },
    ],
  },
  {
    "modules": [
      "expo.modules.splashscreen.SplashScreenModule",
    ],
    "packageName": "expo-splash-screen",
    "packageVersion": "0.20.5",
    "pods": undefined,
    "projects": [
      {
        "name": "expo-splash-screen",
        "sourceDir": "/private/var/folders/qw/kq2qkfj10rs4zfbnt69l3fwr0000gn/T/273dc1f0ea454a67beb1f249a684933d/isolated-modules/node_modules/.pnpm/registry.npmjs.org+expo-splash-screen@0.20.5_expo-modules-autolinking@1.5.0_expo@49.0.7/node_modules/expo-splash-screen/android",
      },
    ],
  },
  {
    "modules": [
      "expo.modules.systemui.SystemUIModule",
    ],
    "packageName": "expo-system-ui",
    "packageVersion": "2.4.0",
    "pods": undefined,
    "projects": [
      {
        "name": "expo-system-ui",
        "sourceDir": "/private/var/folders/qw/kq2qkfj10rs4zfbnt69l3fwr0000gn/T/273dc1f0ea454a67beb1f249a684933d/isolated-modules/node_modules/.pnpm/registry.npmjs.org+expo-system-ui@2.4.0_expo@49.0.7/node_modules/expo-system-ui/android",
      },
    ],
  },
  {
    "modules": [
      "expo.modules.webbrowser.WebBrowserModule",
    ],
    "packageName": "expo-web-browser",
    "packageVersion": "12.3.2",
    "pods": undefined,
    "projects": [
      {
        "name": "expo-web-browser",
        "sourceDir": "/private/var/folders/qw/kq2qkfj10rs4zfbnt69l3fwr0000gn/T/273dc1f0ea454a67beb1f249a684933d/isolated-modules/node_modules/.pnpm/registry.npmjs.org+expo-web-browser@12.3.2_expo@49.0.7/node_modules/expo-web-browser/android",
      },
    ],
  },
]
`;

exports[`isolated modules resolve resolves isolated modules on ios 1`] = `
[
  {
    "appDelegateSubscribers": [],
    "debugOnly": false,
    "modules": [],
    "packageName": "expo",
    "packageVersion": "49.0.7",
    "pods": [
      {
        "podName": "Expo",
        "podspecDir": "app/node_modules/.pnpm/registry.npmjs.org+expo@49.0.7_@babel+core@7.20.2/node_modules/expo",
      },
    ],
    "reactDelegateHandlers": [],
    "swiftModuleNames": [
      "Expo",
    ],
  },
  {
    "appDelegateSubscribers": [],
    "debugOnly": false,
    "modules": [],
    "packageName": "expo-application",
    "packageVersion": "5.3.0",
    "pods": [
      {
        "podName": "EXApplication",
        "podspecDir": "app/node_modules/.pnpm/registry.npmjs.org+expo-application@5.3.0_expo@49.0.7/node_modules/expo-application/ios",
      },
    ],
    "reactDelegateHandlers": [],
    "swiftModuleNames": [
      "EXApplication",
    ],
  },
  {
    "appDelegateSubscribers": [],
    "debugOnly": false,
    "modules": [
      "ConstantsModule",
    ],
    "packageName": "expo-constants",
    "packageVersion": "14.4.2",
    "pods": [
      {
        "podName": "EXConstants",
        "podspecDir": "app/node_modules/.pnpm/registry.npmjs.org+expo-constants@14.4.2_expo@49.0.7/node_modules/expo-constants/ios",
      },
    ],
    "reactDelegateHandlers": [],
    "swiftModuleNames": [
      "EXConstants",
    ],
  },
  {
    "appDelegateSubscribers": [],
    "debugOnly": false,
    "modules": [],
    "packageName": "expo-file-system",
    "packageVersion": "15.4.3",
    "pods": [
      {
        "podName": "EXFileSystem",
        "podspecDir": "app/node_modules/.pnpm/registry.npmjs.org+expo-file-system@15.4.3_expo@49.0.7/node_modules/expo-file-system/ios",
      },
    ],
    "reactDelegateHandlers": [],
    "swiftModuleNames": [
      "EXFileSystem",
    ],
  },
  {
    "appDelegateSubscribers": [],
    "debugOnly": false,
    "modules": [],
    "packageName": "expo-font",
    "packageVersion": "11.4.0",
    "pods": [
      {
        "podName": "EXFont",
        "podspecDir": "app/node_modules/.pnpm/registry.npmjs.org+expo-font@11.4.0_expo@49.0.7/node_modules/expo-font/ios",
      },
    ],
    "reactDelegateHandlers": [],
    "swiftModuleNames": [
      "EXFont",
    ],
  },
  {
    "appDelegateSubscribers": [
      "ExpoHeadAppDelegateSubscriber",
    ],
    "debugOnly": false,
    "modules": [
      "ExpoHeadModule",
    ],
    "packageName": "expo-head",
    "packageVersion": "0.0.11",
    "pods": [
      {
        "podName": "ExpoHead",
        "podspecDir": "app/node_modules/.pnpm/registry.npmjs.org+expo-head@0.0.11_expo-constants@14.4.2_expo@49.0.7_react-dom@18.2.0_react-native@0.72.3_react@18.2.0/node_modules/expo-head/ios",
      },
    ],
    "reactDelegateHandlers": [],
    "swiftModuleNames": [
      "ExpoHead",
    ],
  },
  {
    "appDelegateSubscribers": [],
    "debugOnly": false,
    "modules": [
      "KeepAwakeModule",
    ],
    "packageName": "expo-keep-awake",
    "packageVersion": "12.3.0",
    "pods": [
      {
        "podName": "ExpoKeepAwake",
        "podspecDir": "app/node_modules/.pnpm/registry.npmjs.org+expo-keep-awake@12.3.0_expo@49.0.7/node_modules/expo-keep-awake/ios",
      },
    ],
    "reactDelegateHandlers": [],
    "swiftModuleNames": [
      "ExpoKeepAwake",
    ],
  },
  {
    "appDelegateSubscribers": [],
    "debugOnly": false,
    "modules": [],
    "packageName": "expo-modules-core",
    "packageVersion": "1.5.9",
    "pods": [
      {
        "podName": "ExpoModulesCore",
        "podspecDir": "app/node_modules/.pnpm/registry.npmjs.org+expo-modules-core@1.5.9/node_modules/expo-modules-core",
      },
    ],
    "reactDelegateHandlers": [],
    "swiftModuleNames": [
      "ExpoModulesCore",
    ],
  },
  {
    "appDelegateSubscribers": [],
    "debugOnly": false,
    "modules": [],
    "packageName": "expo-splash-screen",
    "packageVersion": "0.20.5",
    "pods": [
      {
        "podName": "EXSplashScreen",
        "podspecDir": "app/node_modules/.pnpm/registry.npmjs.org+expo-splash-screen@0.20.5_expo-modules-autolinking@1.5.0_expo@49.0.7/node_modules/expo-splash-screen/ios",
      },
    ],
    "reactDelegateHandlers": [],
    "swiftModuleNames": [
      "EXSplashScreen",
    ],
  },
  {
    "appDelegateSubscribers": [],
    "debugOnly": false,
    "modules": [
      "ExpoSystemUIModule",
    ],
    "packageName": "expo-system-ui",
    "packageVersion": "2.4.0",
    "pods": [
      {
        "podName": "ExpoSystemUI",
        "podspecDir": "app/node_modules/.pnpm/registry.npmjs.org+expo-system-ui@2.4.0_expo@49.0.7/node_modules/expo-system-ui/ios",
      },
    ],
    "reactDelegateHandlers": [],
    "swiftModuleNames": [
      "ExpoSystemUI",
    ],
  },
  {
    "appDelegateSubscribers": [],
    "debugOnly": false,
    "modules": [
      "WebBrowserModule",
    ],
    "packageName": "expo-web-browser",
    "packageVersion": "12.3.2",
    "pods": [
      {
        "podName": "ExpoWebBrowser",
        "podspecDir": "app/node_modules/.pnpm/registry.npmjs.org+expo-web-browser@12.3.2_expo@49.0.7/node_modules/expo-web-browser/ios",
      },
    ],
    "reactDelegateHandlers": [],
    "swiftModuleNames": [
      "ExpoWebBrowser",
    ],
  },
]
`;

exports[`isolated modules search searches isolated modules on android 1`] = `
{
  "expo": {
    "config": {
      "ios": {
        "podspecPath": "Expo.podspec",
      },
      "name": "expo",
      "platforms": [
        "ios",
        "android",
      ],
    },
    "duplicates": [],
    "path": "app/node_modules/.pnpm/registry.npmjs.org+expo@49.0.7_@babel+core@7.20.2/node_modules/expo",
    "version": "49.0.7",
  },
  "expo-application": {
    "config": {
      "name": "expo-application",
      "platforms": [
        "ios",
        "android",
        "web",
      ],
    },
    "duplicates": [],
    "path": "app/node_modules/.pnpm/registry.npmjs.org+expo-application@5.3.0_expo@49.0.7/node_modules/expo-application",
    "version": "5.3.0",
  },
  "expo-constants": {
    "config": {
      "android": {
        "modules": [
          "expo.modules.constants.ConstantsModule",
        ],
      },
      "ios": {
        "modules": [
          "ConstantsModule",
        ],
      },
      "name": "expo-constants",
      "platforms": [
        "ios",
        "android",
        "web",
      ],
    },
    "duplicates": [],
    "path": "app/node_modules/.pnpm/registry.npmjs.org+expo-constants@14.4.2_expo@49.0.7/node_modules/expo-constants",
    "version": "14.4.2",
  },
  "expo-file-system": {
    "config": {
      "android": {
        "modules": [
          "expo.modules.filesystem.FileSystemModule",
        ],
      },
      "name": "expo-file-system",
      "platforms": [
        "ios",
        "android",
      ],
    },
    "duplicates": [],
    "path": "app/node_modules/.pnpm/registry.npmjs.org+expo-file-system@15.4.3_expo@49.0.7/node_modules/expo-file-system",
    "version": "15.4.3",
  },
  "expo-font": {
    "config": {
      "name": "expo-font",
      "platforms": [
        "ios",
        "android",
      ],
    },
    "duplicates": [],
    "path": "app/node_modules/.pnpm/registry.npmjs.org+expo-font@11.4.0_expo@49.0.7/node_modules/expo-font",
    "version": "11.4.0",
  },
  "expo-head": {
    "config": {
      "ios": {
        "appDelegateSubscribers": [
          "ExpoHeadAppDelegateSubscriber",
        ],
        "modules": [
          "ExpoHeadModule",
        ],
      },
      "platforms": [
        "ios",
        "web",
      ],
    },
    "duplicates": [],
    "path": "app/node_modules/.pnpm/registry.npmjs.org+expo-head@0.0.11_expo-constants@14.4.2_expo@49.0.7_react-dom@18.2.0_react-native@0.72.3_react@18.2.0/node_modules/expo-head",
    "version": "0.0.11",
  },
  "expo-keep-awake": {
    "config": {
      "ios": {
        "modulesClassNames": [
          "KeepAwakeModule",
        ],
      },
      "platforms": [
        "ios",
        "android",
      ],
    },
    "duplicates": [],
    "path": "app/node_modules/.pnpm/registry.npmjs.org+expo-keep-awake@12.3.0_expo@49.0.7/node_modules/expo-keep-awake",
    "version": "12.3.0",
  },
  "expo-modules-core": {
    "config": {
      "ios": {
        "podspecPath": "./ExpoModulesCore.podspec",
      },
      "name": "expo-modules-core",
      "platforms": [
        "ios",
        "android",
      ],
    },
    "duplicates": [],
    "path": "app/node_modules/.pnpm/registry.npmjs.org+expo-modules-core@1.5.9/node_modules/expo-modules-core",
    "version": "1.5.9",
  },
  "expo-splash-screen": {
    "config": {
      "android": {
        "modules": [
          "expo.modules.splashscreen.SplashScreenModule",
        ],
      },
      "name": "expo-splash-screen",
      "platforms": [
        "ios",
        "android",
      ],
    },
    "duplicates": [],
    "path": "app/node_modules/.pnpm/registry.npmjs.org+expo-splash-screen@0.20.5_expo-modules-autolinking@1.5.0_expo@49.0.7/node_modules/expo-splash-screen",
    "version": "0.20.5",
  },
  "expo-system-ui": {
    "config": {
      "android": {
        "modules": [
          "expo.modules.systemui.SystemUIModule",
        ],
      },
      "ios": {
        "modules": [
          "ExpoSystemUIModule",
        ],
      },
      "name": "expo-system-ui",
      "platforms": [
        "ios",
        "android",
      ],
    },
    "duplicates": [],
    "path": "app/node_modules/.pnpm/registry.npmjs.org+expo-system-ui@2.4.0_expo@49.0.7/node_modules/expo-system-ui",
    "version": "2.4.0",
  },
  "expo-web-browser": {
    "config": {
      "android": {
        "modulesClassNames": [
          "expo.modules.webbrowser.WebBrowserModule",
        ],
      },
      "ios": {
        "modulesClassNames": [
          "WebBrowserModule",
        ],
      },
      "platforms": [
        "ios",
        "android",
      ],
    },
    "duplicates": [],
    "path": "app/node_modules/.pnpm/registry.npmjs.org+expo-web-browser@12.3.2_expo@49.0.7/node_modules/expo-web-browser",
    "version": "12.3.2",
  },
}
`;

exports[`isolated modules search searches isolated modules on ios 1`] = `
{
  "expo": {
    "config": {
      "ios": {
        "podspecPath": "Expo.podspec",
      },
      "name": "expo",
      "platforms": [
        "ios",
        "android",
      ],
    },
    "duplicates": [],
    "path": "app/node_modules/.pnpm/registry.npmjs.org+expo@49.0.7_@babel+core@7.20.2/node_modules/expo",
    "version": "49.0.7",
  },
  "expo-application": {
    "config": {
      "name": "expo-application",
      "platforms": [
        "ios",
        "android",
        "web",
      ],
    },
    "duplicates": [],
    "path": "app/node_modules/.pnpm/registry.npmjs.org+expo-application@5.3.0_expo@49.0.7/node_modules/expo-application",
    "version": "5.3.0",
  },
  "expo-constants": {
    "config": {
      "android": {
        "modules": [
          "expo.modules.constants.ConstantsModule",
        ],
      },
      "ios": {
        "modules": [
          "ConstantsModule",
        ],
      },
      "name": "expo-constants",
      "platforms": [
        "ios",
        "android",
        "web",
      ],
    },
    "duplicates": [],
    "path": "app/node_modules/.pnpm/registry.npmjs.org+expo-constants@14.4.2_expo@49.0.7/node_modules/expo-constants",
    "version": "14.4.2",
  },
  "expo-file-system": {
    "config": {
      "android": {
        "modules": [
          "expo.modules.filesystem.FileSystemModule",
        ],
      },
      "name": "expo-file-system",
      "platforms": [
        "ios",
        "android",
      ],
    },
    "duplicates": [],
    "path": "app/node_modules/.pnpm/registry.npmjs.org+expo-file-system@15.4.3_expo@49.0.7/node_modules/expo-file-system",
    "version": "15.4.3",
  },
  "expo-font": {
    "config": {
      "name": "expo-font",
      "platforms": [
        "ios",
        "android",
      ],
    },
    "duplicates": [],
    "path": "app/node_modules/.pnpm/registry.npmjs.org+expo-font@11.4.0_expo@49.0.7/node_modules/expo-font",
    "version": "11.4.0",
  },
  "expo-head": {
    "config": {
      "ios": {
        "appDelegateSubscribers": [
          "ExpoHeadAppDelegateSubscriber",
        ],
        "modules": [
          "ExpoHeadModule",
        ],
      },
      "platforms": [
        "ios",
        "web",
      ],
    },
    "duplicates": [],
    "path": "app/node_modules/.pnpm/registry.npmjs.org+expo-head@0.0.11_expo-constants@14.4.2_expo@49.0.7_react-dom@18.2.0_react-native@0.72.3_react@18.2.0/node_modules/expo-head",
    "version": "0.0.11",
  },
  "expo-keep-awake": {
    "config": {
      "ios": {
        "modulesClassNames": [
          "KeepAwakeModule",
        ],
      },
      "platforms": [
        "ios",
        "android",
      ],
    },
    "duplicates": [],
    "path": "app/node_modules/.pnpm/registry.npmjs.org+expo-keep-awake@12.3.0_expo@49.0.7/node_modules/expo-keep-awake",
    "version": "12.3.0",
  },
  "expo-modules-core": {
    "config": {
      "ios": {
        "podspecPath": "./ExpoModulesCore.podspec",
      },
      "name": "expo-modules-core",
      "platforms": [
        "ios",
        "android",
      ],
    },
    "duplicates": [],
    "path": "app/node_modules/.pnpm/registry.npmjs.org+expo-modules-core@1.5.9/node_modules/expo-modules-core",
    "version": "1.5.9",
  },
  "expo-splash-screen": {
    "config": {
      "android": {
        "modules": [
          "expo.modules.splashscreen.SplashScreenModule",
        ],
      },
      "name": "expo-splash-screen",
      "platforms": [
        "ios",
        "android",
      ],
    },
    "duplicates": [],
    "path": "app/node_modules/.pnpm/registry.npmjs.org+expo-splash-screen@0.20.5_expo-modules-autolinking@1.5.0_expo@49.0.7/node_modules/expo-splash-screen",
    "version": "0.20.5",
  },
  "expo-system-ui": {
    "config": {
      "android": {
        "modules": [
          "expo.modules.systemui.SystemUIModule",
        ],
      },
      "ios": {
        "modules": [
          "ExpoSystemUIModule",
        ],
      },
      "name": "expo-system-ui",
      "platforms": [
        "ios",
        "android",
      ],
    },
    "duplicates": [],
    "path": "app/node_modules/.pnpm/registry.npmjs.org+expo-system-ui@2.4.0_expo@49.0.7/node_modules/expo-system-ui",
    "version": "2.4.0",
  },
  "expo-web-browser": {
    "config": {
      "android": {
        "modulesClassNames": [
          "expo.modules.webbrowser.WebBrowserModule",
        ],
      },
      "ios": {
        "modulesClassNames": [
          "WebBrowserModule",
        ],
      },
      "platforms": [
        "ios",
        "android",
      ],
    },
    "duplicates": [],
    "path": "app/node_modules/.pnpm/registry.npmjs.org+expo-web-browser@12.3.2_expo@49.0.7/node_modules/expo-web-browser",
    "version": "12.3.2",
  },
}
`;

exports[`isolated modules verify verifies isolated modules on android 1`] = `
"✅ Everything is fine!
"
`;

exports[`isolated modules verify verifies isolated modules on ios 1`] = `
"✅ Everything is fine!
"
`;
