// Jest Snapshot v1, https://goo.gl/fbAQLP

exports[`forbidden server APIs asserts importing client-side React APIs in server components 1`] = `
"/unknown: Client-only "react" API "useState" cannot be imported in a React server component. Add the "use client" directive to the top of this file or one of the parent files to enable running this stateful code on a user's device.
[0m[31m[1m>[22m[39m[90m 1 |[39m [36mimport[39m { useState } [36mfrom[39m [32m'react'[39m[33m;[39m[0m
[0m [90m   |[39m [31m[1m^[22m[39m[31m[1m^[22m[39m[31m[1m^[22m[39m[31m[1m^[22m[39m[31m[1m^[22m[39m[31m[1m^[22m[39m[31m[1m^[22m[39m[31m[1m^[22m[39m[31m[1m^[22m[39m[31m[1m^[22m[39m[31m[1m^[22m[39m[31m[1m^[22m[39m[31m[1m^[22m[39m[31m[1m^[22m[39m[31m[1m^[22m[39m[31m[1m^[22m[39m[31m[1m^[22m[39m[31m[1m^[22m[39m[31m[1m^[22m[39m[31m[1m^[22m[39m[31m[1m^[22m[39m[31m[1m^[22m[39m[31m[1m^[22m[39m[31m[1m^[22m[39m[31m[1m^[22m[39m[31m[1m^[22m[39m[31m[1m^[22m[39m[31m[1m^[22m[39m[31m[1m^[22m[39m[31m[1m^[22m[39m[31m[1m^[22m[39m[31m[1m^[22m[39m[31m[1m^[22m[39m[0m"
`;

exports[`forbidden server APIs asserts importing client-side react-dom APIs in server components 1`] = `
"/unknown: Client-only "react-dom" API "findDOMNode" cannot be imported in a React server component. Add the "use client" directive to the top of this file or one of the parent files to enable running this stateful code on a user's device.
[0m[31m[1m>[22m[39m[90m 1 |[39m [36mimport[39m { findDOMNode } [36mfrom[39m [32m'react-dom'[39m[33m;[39m[0m
[0m [90m   |[39m [31m[1m^[22m[39m[31m[1m^[22m[39m[31m[1m^[22m[39m[31m[1m^[22m[39m[31m[1m^[22m[39m[31m[1m^[22m[39m[31m[1m^[22m[39m[31m[1m^[22m[39m[31m[1m^[22m[39m[31m[1m^[22m[39m[31m[1m^[22m[39m[31m[1m^[22m[39m[31m[1m^[22m[39m[31m[1m^[22m[39m[31m[1m^[22m[39m[31m[1m^[22m[39m[31m[1m^[22m[39m[31m[1m^[22m[39m[31m[1m^[22m[39m[31m[1m^[22m[39m[31m[1m^[22m[39m[31m[1m^[22m[39m[31m[1m^[22m[39m[31m[1m^[22m[39m[31m[1m^[22m[39m[31m[1m^[22m[39m[31m[1m^[22m[39m[31m[1m^[22m[39m[31m[1m^[22m[39m[31m[1m^[22m[39m[31m[1m^[22m[39m[31m[1m^[22m[39m[31m[1m^[22m[39m[31m[1m^[22m[39m[31m[1m^[22m[39m[31m[1m^[22m[39m[31m[1m^[22m[39m[31m[1m^[22m[39m[31m[1m^[22m[39m[31m[1m^[22m[39m[0m"
`;

exports[`use client asserts that use client and use server cannot be used together 1`] = `
"/unknown: It's not possible to have both \`use client\` and \`use server\` directives in the same file.
[0m[31m[1m>[22m[39m[90m 1 |[39m[0m
[0m [90m   |[39m [31m[1m^[22m[39m[0m
[0m [90m 2 |[39m     [32m'use server'[39m[33m;[39m[0m
[0m [90m 3 |[39m     [32m'use client'[39m[33m;[39m[0m
[0m [90m 4 |[39m     [0m"
`;

exports[`use client does nothing without use client directive 1`] = `"export var foo = 'bar';"`;

exports[`use client replaces client exports with React client references 1`] = `"module.exports = require("react-server-dom-webpack/server").createClientModuleProxy("file:///unknown");"`;

exports[`use server replaces server action exports with React server references 1`] = `
"'use server';

export var greet = function greet(name) {
  return \`Hello \${name} from server!\`;
};
(function () {
  if (typeof module.exports === "function") {
    require("react-server-dom-webpack/server").registerServerReference(module.exports, "file:///unknown", null);
  } else {
    for (var key in module.exports) {
      if (typeof module.exports[key] === "function") require("react-server-dom-webpack/server").registerServerReference(module.exports[key], "file:///unknown", key);
    }
  }
})();"
`;
